// Jest Snapshot v1, https://goo.gl/fbAQLP

exports[`modal-component applies dialog size, fullscreen and centered classes (snapshot): render-sized-centered 1`] = `"<div class="modal fade" id="modal-component-<id>" tabindex="-1" aria-labelledby="modal-component-<id>-label" aria-hidden="true" role="dialog"><div class="modal-dialog modal-lg modal-md-down modal-dialog-centered" tabindex="-1" role="document"><div class="modal-content"><div class="modal-header"><h5 class="modal-title" id="modal-component-<id>-label">Sized</h5><button type="button" class="btn-close" data-bs-dismiss="modal" aria-label="Close"></button></div><div class="modal-body">  </div><div class="modal-footer"><button type="button" class="btn btn-secondary" data-bs-dismiss="modal">Close</button> </div></div></div></div>"`;

exports[`modal-component renders trigger + modal markup (snapshot): render-default 1`] = `"<modal-component btn-text="Launch demo modal" variant="primary"><!---->     <div class="modal-component-<id>"><button type="button" role="button" data-bs-toggle="modal" data-bs-target="#modal-component-<id>" aria-label="Button" class="btn btn-primary">Launch demo modal</button><div class="modal fade" id="modal-component-<id>" tabindex="-1" aria-labelledby="modal-component-<id>-label" aria-hidden="true" role="dialog"><div class="modal-dialog" tabindex="-1" role="document"><div class="modal-content"><div class="modal-header"><h5 class="modal-title" id="modal-component-<id>-label">Modal title</h5><button type="button" class="btn-close" data-bs-dismiss="modal" aria-label="Close"></button></div><div class="modal-body">  <p>Body content</p>  </div><div class="modal-footer"><button type="button" class="btn btn-secondary" data-bs-dismiss="modal">Close</button> <div slot="footer"><button class="btn btn-primary">Save</button></div></div></div></div></div></div></modal-component>"`;
