// Jest Snapshot v1, https://goo.gl/fbAQLP

exports[`dropdown-component (full spec) opens/closes on toggle and snapshots open menu: open-menu-default 1`] = `"<div class="dropdown-menu show" role="menu" id="dropdown-<id>-menu-root" aria-activedescendant="dropdown-item--1" aria-owns="" aria-labelledby="dropdown-<id>-toggle-button" tabindex="-1"><div id="dropdown-item--0" class="dropdown-item" tabindex="0">A</div></div>"`;

exports[`dropdown-component (full spec) showSubmenu opens and snapshots markup; closeSubmenu hides it: open-submenu-markup 1`] = `"<div id="submenu-<id>" class="dropdown-menu sub show" role="menu" tabindex="-1" aria-hidden="false"><div id="dropdown-item--0-0" class="dropdown-item" tabindex="0">Child 1</div><div id="dropdown-item--0-1" class="dropdown-item" tabindex="0">Child 2</div></div>"`;

exports[`dropdown-component (full spec) supports multi-level submenus: opening child then grandchild keeps ancestors open: multi-level-open-l1-and-l2 1`] = `"<div id="submenu-<id>" class="dropdown-menu sub show" role="menu" tabindex="-1" aria-hidden="false"><div class="dropdown-submenu" role="presentation"><a href="#" id="dropdown-item--0-0" class="dropdown-item dropdown-submenu-<id>" aria-haspopup="true" aria-expanded="true" aria-controls="submenu-<id>" tabindex="0">Settings<icon-component icon="fa-solid fa-caret-right"></icon-component></a><div id="submenu-<id>" class="dropdown-menu sub show" role="menu" tabindex="-1" aria-hidden="false"><div id="dropdown-item--0-0-0" class="dropdown-item" tabindex="0">Sub 1</div><div id="dropdown-item--0-0-1" class="dropdown-item" tabindex="0">Sub 2</div></div></div><div class="dropdown-submenu" role="presentation"><a href="#" id="dropdown-item--0-1" class="dropdown-item dropdown-submenu-<id>" aria-haspopup="true" aria-expanded="false" aria-controls="submenu-<id>" tabindex="0">Tools<icon-component icon="fa-solid fa-caret-right"></icon-component></a><div id="submenu-<id>" class="dropdown-menu sub hidden" role="menu" tabindex="-1"><div id="dropdown-item--0-1-0" class="dropdown-item" tabindex="0">T1</div><div id="dropdown-item--0-1-1" class="dropdown-item" tabindex="0">T2</div></div></div></div>"`;
